2026-09-30 17:18:49.090 INFO  [restartedMain] com.adminvisitor.VMSApplication - Starting VMSApplication using Java 21.0.9 with PID 12536 (C:\Users\anisha.z\Documents\VMS\BACKEND\vms\target\classes started by anisha.z in C:\Users\anisha.z\Documents\VMS\BACKEND\vms)
2026-09-30 17:18:49.092 DEBUG [restartedMain] com.adminvisitor.VMSApplication - Running with Spring Boot v4.1.1, Spring v7.0.9
2026-09-30 17:18:49.093 INFO  [restartedMain] com.adminvisitor.VMSApplication - No active profile set, falling back to 1 default profile: "default"
2026-09-30 17:18:49.136 INFO  [restartedMain] o.s.b.d.e.DevToolsPropertyDefaultsPostProcessor - Devtools property defaults active! Set 'spring.devtools.add-properties' to 'false' to disable
2026-09-30 17:18:49.136 INFO  [restartedMain] o.s.b.d.e.DevToolsPropertyDefaultsPostProcessor - For additional web related logging consider setting the 'logging.level.web' property to 'DEBUG'
2026-09-30 17:18:49.421 INFO  [background-preinit] o.h.validator.internal.util.Version - HV000001: Hibernate Validator 9.1.3.Final
2026-09-30 17:18:50.116 INFO  [restartedMain] o.s.d.r.c.RepositoryConfigurationDelegate - Bootstrapping Spring Data JPA repositories in DEFAULT mode.
2026-09-30 17:18:50.314 INFO  [restartedMain] o.s.d.r.c.RepositoryConfigurationDelegate - Finished Spring Data repository scanning in 192 ms. Found 11 JPA repository interfaces.
2026-09-30 17:18:52.110 INFO  [restartedMain] o.s.boot.tomcat.TomcatWebServer - Tomcat initialized with port 8092 (http)
2026-09-30 17:18:52.146 INFO  [restartedMain] o.a.coyote.http11.Http11NioProtocol - Initializing ProtocolHandler ["http-nio-8092"]
2026-09-30 17:18:52.153 INFO  [restartedMain] o.a.catalina.core.StandardService - Starting service [Tomcat]
2026-09-30 17:18:52.154 INFO  [restartedMain] o.a.catalina.core.StandardEngine - Starting Servlet engine: [Apache Tomcat/11.0.24]
2026-09-30 17:18:52.560 INFO  [restartedMain] o.s.b.w.c.s.WebApplicationContextInitializer - Root WebApplicationContext: initialization completed in 3418 ms
2026-09-30 17:18:53.153 INFO  [restartedMain] com.zaxxer.hikari.HikariDataSource - HikariPool-1 - Starting...
2026-09-30 17:18:54.196 INFO  [restartedMain] com.zaxxer.hikari.pool.HikariPool - HikariPool-1 - Added connection com.mysql.cj.jdbc.ConnectionImpl@2d752978
2026-09-30 17:18:54.202 INFO  [restartedMain] com.zaxxer.hikari.HikariDataSource - HikariPool-1 - Start completed.
2026-09-30 17:18:54.270 INFO  [restartedMain] org.hibernate.orm.jpa - HHH008540: Processing PersistenceUnitInfo [name: default]
2026-09-30 17:18:54.522 INFO  [restartedMain] org.hibernate.orm.core - HHH000001: Hibernate ORM core version 7.4.5.Final
2026-09-30 17:18:56.092 INFO  [restartedMain] o.s.o.j.p.SpringPersistenceUnitInfo - No LoadTimeWeaver setup: ignoring JPA class transformer
2026-09-30 17:18:56.446 INFO  [restartedMain] o.hibernate.orm.connections.pooling - HHH10001005: Database info:
	Database JDBC URL [jdbc:mysql://192.168.11.101:3306/Interns_db]
	Database driver: MySQL Connector/J
	Database dialect: MySQLDialect
	Database version: 8.0.40
	Default catalog/schema: Interns_db/undefined
	Autocommit mode: undefined/unknown
	Isolation level: REPEATABLE_READ [default REPEATABLE_READ]
	JDBC fetch size: none
	Pool: DataSourceConnectionProvider
	Minimum pool size: undefined/unknown
	Maximum pool size: undefined/unknown
2026-09-30 17:19:00.542 INFO  [restartedMain] org.hibernate.orm.core - HHH000489: No JTA platform available (set 'hibernate.transaction.jta.platform' to enable JTA platform integration)
2026-09-30 17:19:00.591 INFO  [restartedMain] o.s.o.j.LocalContainerEntityManagerFactoryBean - Initialized JPA EntityManagerFactory for persistence unit 'default'
2026-09-30 17:19:00.986 INFO  [restartedMain] o.s.d.j.r.q.QueryEnhancerFactories - Hibernate is in classpath; If applicable, HQL parser will be used.
2026-09-30 17:19:04.382 WARN  [restartedMain] o.s.b.j.a.JpaBaseConfiguration$JpaWebConfiguration - spring.jpa.open-in-view is enabled by default. Therefore, database queries may be performed during view rendering. Explicitly configure spring.jpa.open-in-view to disable this warning
2026-09-30 17:19:06.483 INFO  [restartedMain] o.a.coyote.http11.Http11NioProtocol - Starting ProtocolHandler ["http-nio-8092"]
2026-09-30 17:19:06.535 INFO  [restartedMain] o.s.boot.tomcat.TomcatWebServer - Tomcat started on port 8092 (http) with context path '/'
2026-09-30 17:19:06.589 INFO  [restartedMain] com.adminvisitor.VMSApplication - Started VMSApplication in 18.063 seconds (process running for 18.884)
2026-09-30 17:19:06.599 WARN  [restartedMain] o.s.c.events.SpringDocAppInitializer - SpringDoc /v3/api-docs endpoint is enabled by default. To disable it in production, set the property 'springdoc.api-docs.enabled=false'
2026-09-30 17:19:06.600 WARN  [restartedMain] o.s.c.events.SpringDocAppInitializer - SpringDoc /swagger-ui.html endpoint is enabled by default. To disable it in production, set the property 'springdoc.swagger-ui.enabled=false'
2026-09-30 17:29:25.846 INFO  [http-nio-8092-exec-1] o.a.c.c.C.[Tomcat].[localhost].[/] - Initializing Spring DispatcherServlet 'dispatcherServlet'
2026-09-30 17:29:25.847 INFO  [http-nio-8092-exec-1] o.s.web.servlet.DispatcherServlet - Initializing Servlet 'dispatcherServlet'
2026-09-30 17:29:25.851 INFO  [http-nio-8092-exec-1] o.s.web.servlet.DispatcherServlet - Completed initialization in 4 ms
2026-09-30 17:29:26.818 INFO  [http-nio-8092-exec-1] c.a.config.ApiLoggingAspect - API_COMPLETED controller=VisitController method=getDashboardVisits durationMs=744.991999
2026-09-30 17:29:26.911 INFO  [http-nio-8092-exec-2] c.a.config.ApiLoggingAspect - API_COMPLETED controller=EmployeeController method=getEmployees durationMs=44.4425
2026-09-30 17:29:29.007 INFO  [http-nio-8092-exec-3] c.a.config.ApiLoggingAspect - API_COMPLETED controller=VisitController method=getDashboardVisits durationMs=299.663299
2026-09-30 17:29:43.771 WARN  [HikariPool-1:housekeeper] com.zaxxer.hikari.pool.PoolBase - HikariPool-1 - Failed to validate connection com.mysql.cj.jdbc.ConnectionImpl@6f724fa7 (No operations allowed after connection closed.). Possibly consider using a shorter maxLifetime value.
2026-09-30 17:29:45.225 WARN  [HikariPool-1:housekeeper] com.zaxxer.hikari.pool.PoolBase - HikariPool-1 - Failed to validate connection com.mysql.cj.jdbc.ConnectionImpl@5fac22f0 (No operations allowed after connection closed.). Possibly consider using a shorter maxLifetime value.
2026-09-30 17:29:56.360 WARN  [http-nio-8092-exec-4] com.zaxxer.hikari.pool.PoolBase - HikariPool-1 - Failed to validate connection com.mysql.cj.jdbc.ConnectionImpl@2d752978 (No operations allowed after connection closed.). Possibly consider using a shorter maxLifetime value.
2026-09-30 17:29:56.363 WARN  [http-nio-8092-exec-4] com.zaxxer.hikari.pool.PoolBase - HikariPool-1 - Failed to validate connection com.mysql.cj.jdbc.ConnectionImpl@51755aff (No operations allowed after connection closed.). Possibly consider using a shorter maxLifetime value.
2026-09-30 17:29:56.364 WARN  [http-nio-8092-exec-4] com.zaxxer.hikari.pool.PoolBase - HikariPool-1 - Failed to validate connection com.mysql.cj.jdbc.ConnectionImpl@78540fcc (No operations allowed after connection closed.). Possibly consider using a shorter maxLifetime value.
2026-09-30 17:29:56.367 WARN  [http-nio-8092-exec-4] com.zaxxer.hikari.pool.PoolBase - HikariPool-1 - Failed to validate connection com.mysql.cj.jdbc.ConnectionImpl@4e9798e0 (No operations allowed after connection closed.). Possibly consider using a shorter maxLifetime value.
2026-09-30 17:29:56.369 WARN  [http-nio-8092-exec-4] com.zaxxer.hikari.pool.PoolBase - HikariPool-1 - Failed to validate connection com.mysql.cj.jdbc.ConnectionImpl@d3963a1 (No operations allowed after connection closed.). Possibly consider using a shorter maxLifetime value.
2026-09-30 17:29:56.370 WARN  [http-nio-8092-exec-4] com.zaxxer.hikari.pool.PoolBase - HikariPool-1 - Failed to validate connection com.mysql.cj.jdbc.ConnectionImpl@3ee4a35c (No operations allowed after connection closed.). Possibly consider using a shorter maxLifetime value.
2026-09-30 17:29:56.372 WARN  [http-nio-8092-exec-4] com.zaxxer.hikari.pool.PoolBase - HikariPool-1 - Failed to validate connection com.mysql.cj.jdbc.ConnectionImpl@74a437dd (No operations allowed after connection closed.). Possibly consider using a shorter maxLifetime value.
2026-09-30 17:29:56.374 WARN  [http-nio-8092-exec-4] com.zaxxer.hikari.pool.PoolBase - HikariPool-1 - Failed to validate connection com.mysql.cj.jdbc.ConnectionImpl@10edd489 (No operations allowed after connection closed.). Possibly consider using a shorter maxLifetime value.
2026-09-30 17:29:56.385 INFO  [http-nio-8092-exec-4] c.a.service.VisitorService - Fetching all visitors
2026-09-30 17:29:56.789 INFO  [http-nio-8092-exec-4] c.a.config.ApiLoggingAspect - API_COMPLETED controller=VisitorController method=getAllVisitors durationMs=430.2302
2026-09-30 17:33:50.115 INFO  [http-nio-8092-exec-7] c.a.config.ApiLoggingAspect - API_COMPLETED controller=VisitController method=getDashboardVisits durationMs=362.0191
2026-09-30 17:34:23.324 INFO  [http-nio-8092-exec-8] c.a.service.VisitorService - Fetching all visitors
2026-09-30 17:34:23.604 INFO  [http-nio-8092-exec-8] c.a.config.ApiLoggingAspect - API_COMPLETED controller=VisitorController method=getAllVisitors durationMs=293.3099
2026-09-30 17:34:24.533 INFO  [http-nio-8092-exec-9] c.a.config.ApiLoggingAspect - API_COMPLETED controller=VisitController method=getDashboardVisits durationMs=245.6156
2026-09-30 17:34:26.334 INFO  [http-nio-8092-exec-10] c.a.config.ApiLoggingAspect - API_COMPLETED controller=VisitController method=getVisitDetails durationMs=85.549399
2026-09-30 17:34:31.113 INFO  [http-nio-8092-exec-1] c.a.config.ApiLoggingAspect - API_COMPLETED controller=VisitController method=getDashboardVisits durationMs=259.804299
2026-09-30 17:36:52.502 INFO  [http-nio-8092-exec-3] c.a.config.ApiLoggingAspect - API_COMPLETED controller=BlacklistController method=getAllBlacklistRecords durationMs=192.2803
2026-09-30 17:36:54.812 INFO  [http-nio-8092-exec-4] c.a.config.ApiLoggingAspect - API_COMPLETED controller=BlacklistController method=getBlacklistById durationMs=52.521499
2026-09-30 17:41:37.625 INFO  [SpringApplicationShutdownHook] o.s.boot.tomcat.GracefulShutdown - Commencing graceful shutdown. Waiting for active requests to complete
2026-09-30 17:41:37.629 INFO  [tomcat-shutdown] o.s.boot.tomcat.GracefulShutdown - Graceful shutdown complete
2026-09-30 17:41:37.634 INFO  [SpringApplicationShutdownHook] o.s.o.j.LocalContainerEntityManagerFactoryBean - Closing JPA EntityManagerFactory for persistence unit 'default'
2026-09-30 17:41:37.636 INFO  [SpringApplicationShutdownHook] com.zaxxer.hikari.HikariDataSource - HikariPool-1 - Shutdown initiated...
2026-09-30 17:41:37.644 INFO  [SpringApplicationShutdownHook] com.zaxxer.hikari.HikariDataSource - HikariPool-1 - Shutdown completed.
