2026-09-30 08:55:53.626 INFO  [restartedMain] com.adminvisitor.VMSApplication - Starting VMSApplication using Java 21.0.9 with PID 25520 (C:\vistior-management\vms\target\classes started by nethra.r in C:\vistior-management\vms)
2026-09-30 08:55:53.633 DEBUG [restartedMain] com.adminvisitor.VMSApplication - Running with Spring Boot v4.1.1, Spring v7.0.9
2026-09-30 08:55:53.633 INFO  [restartedMain] com.adminvisitor.VMSApplication - No active profile set, falling back to 1 default profile: "default"
2026-09-30 08:55:53.697 INFO  [restartedMain] o.s.b.d.e.DevToolsPropertyDefaultsPostProcessor - Devtools property defaults active! Set 'spring.devtools.add-properties' to 'false' to disable
2026-09-30 08:55:53.697 INFO  [restartedMain] o.s.b.d.e.DevToolsPropertyDefaultsPostProcessor - For additional web related logging consider setting the 'logging.level.web' property to 'DEBUG'
2026-09-30 08:55:54.175 INFO  [background-preinit] o.h.validator.internal.util.Version - HV000001: Hibernate Validator 9.1.3.Final
2026-09-30 08:55:55.271 INFO  [restartedMain] o.s.d.r.c.RepositoryConfigurationDelegate - Bootstrapping Spring Data JPA repositories in DEFAULT mode.
2026-09-30 08:55:55.585 INFO  [restartedMain] o.s.d.r.c.RepositoryConfigurationDelegate - Finished Spring Data repository scanning in 301 ms. Found 11 JPA repository interfaces.
2026-09-30 08:55:57.047 INFO  [restartedMain] o.s.boot.tomcat.TomcatWebServer - Tomcat initialized with port 8092 (http)
2026-09-30 08:55:57.097 INFO  [restartedMain] o.a.coyote.http11.Http11NioProtocol - Initializing ProtocolHandler ["http-nio-8092"]
2026-09-30 08:55:57.105 INFO  [restartedMain] o.a.catalina.core.StandardService - Starting service [Tomcat]
2026-09-30 08:55:57.105 INFO  [restartedMain] o.a.catalina.core.StandardEngine - Starting Servlet engine: [Apache Tomcat/11.0.24]
2026-09-30 08:55:57.264 INFO  [restartedMain] o.s.b.w.c.s.WebApplicationContextInitializer - Root WebApplicationContext: initialization completed in 3566 ms
2026-09-30 08:55:57.675 INFO  [restartedMain] com.zaxxer.hikari.HikariDataSource - HikariPool-1 - Starting...
2026-09-30 08:56:20.084 INFO  [restartedMain] org.hibernate.orm.jpa - HHH008540: Processing PersistenceUnitInfo [name: default]
2026-09-30 08:56:20.309 INFO  [restartedMain] org.hibernate.orm.core - HHH000001: Hibernate ORM core version 7.4.5.Final
2026-09-30 08:56:21.539 INFO  [restartedMain] o.s.o.j.p.SpringPersistenceUnitInfo - No LoadTimeWeaver setup: ignoring JPA class transformer
2026-09-30 08:56:21.625 INFO  [restartedMain] com.zaxxer.hikari.HikariDataSource - HikariPool-1 - Starting...
2026-09-30 08:56:26.291 INFO  [restartedMain] com.zaxxer.hikari.pool.HikariPool - HikariPool-1 - Added connection com.mysql.cj.jdbc.ConnectionImpl@65fd6352
2026-09-30 08:56:26.296 INFO  [restartedMain] com.zaxxer.hikari.HikariDataSource - HikariPool-1 - Start completed.
2026-09-30 08:56:27.259 INFO  [restartedMain] o.hibernate.orm.connections.pooling - HHH10001005: Database info:
	Database JDBC URL [jdbc:mysql://192.168.11.101:3306/Interns_db]
	Database driver: MySQL Connector/J
	Database dialect: MySQLDialect
	Database version: 8.0.40
	Default catalog/schema: Interns_db/undefined
	Autocommit mode: undefined/unknown
	Isolation level: REPEATABLE_READ [default REPEATABLE_READ]
	JDBC fetch size: none
	Pool: DataSourceConnectionProvider
	Minimum pool size: undefined/unknown
	Maximum pool size: undefined/unknown
2026-09-30 08:56:31.316 INFO  [restartedMain] org.hibernate.orm.core - HHH000489: No JTA platform available (set 'hibernate.transaction.jta.platform' to enable JTA platform integration)
2026-09-30 08:56:31.333 INFO  [restartedMain] o.s.o.j.LocalContainerEntityManagerFactoryBean - Initialized JPA EntityManagerFactory for persistence unit 'default'
2026-09-30 08:56:31.914 INFO  [restartedMain] o.s.d.j.r.q.QueryEnhancerFactories - Hibernate is in classpath; If applicable, HQL parser will be used.
2026-09-30 08:56:38.245 WARN  [restartedMain] o.s.b.j.a.JpaBaseConfiguration$JpaWebConfiguration - spring.jpa.open-in-view is enabled by default. Therefore, database queries may be performed during view rendering. Explicitly configure spring.jpa.open-in-view to disable this warning
2026-09-30 08:56:42.282 INFO  [restartedMain] o.a.coyote.http11.Http11NioProtocol - Starting ProtocolHandler ["http-nio-8092"]
2026-09-30 08:56:42.556 INFO  [restartedMain] o.s.boot.tomcat.TomcatWebServer - Tomcat started on port 8092 (http) with context path '/'
2026-09-30 08:56:42.679 INFO  [restartedMain] com.adminvisitor.VMSApplication - Started VMSApplication in 49.888 seconds (process running for 51.61)
2026-09-30 08:56:42.702 WARN  [restartedMain] o.s.c.events.SpringDocAppInitializer - SpringDoc /v3/api-docs endpoint is enabled by default. To disable it in production, set the property 'springdoc.api-docs.enabled=false'
2026-09-30 08:56:42.702 WARN  [restartedMain] o.s.c.events.SpringDocAppInitializer - SpringDoc /swagger-ui.html endpoint is enabled by default. To disable it in production, set the property 'springdoc.swagger-ui.enabled=false'
2026-09-30 09:03:56.466 WARN  [HikariPool-1:housekeeper] com.zaxxer.hikari.pool.PoolBase - HikariPool-1 - Failed to validate connection com.mysql.cj.jdbc.ConnectionImpl@14e75ae8 (No operations allowed after connection closed.). Possibly consider using a shorter maxLifetime value.
2026-09-30 09:03:58.270 WARN  [HikariPool-1:housekeeper] com.zaxxer.hikari.pool.PoolBase - HikariPool-1 - Failed to validate connection com.mysql.cj.jdbc.ConnectionImpl@3f38b93d (No operations allowed after connection closed.). Possibly consider using a shorter maxLifetime value.
2026-09-30 09:03:59.473 WARN  [HikariPool-1:housekeeper] com.zaxxer.hikari.pool.PoolBase - HikariPool-1 - Failed to validate connection com.mysql.cj.jdbc.ConnectionImpl@2b4557d7 (No operations allowed after connection closed.). Possibly consider using a shorter maxLifetime value.
2026-09-30 09:04:06.256 WARN  [HikariPool-1:housekeeper] com.zaxxer.hikari.pool.PoolBase - HikariPool-1 - Failed to validate connection com.mysql.cj.jdbc.ConnectionImpl@744213b8 (No operations allowed after connection closed.). Possibly consider using a shorter maxLifetime value.
2026-09-30 09:04:14.839 WARN  [HikariPool-1:housekeeper] com.zaxxer.hikari.pool.PoolBase - HikariPool-1 - Failed to validate connection com.mysql.cj.jdbc.ConnectionImpl@66470e8f (No operations allowed after connection closed.). Possibly consider using a shorter maxLifetime value.
2026-09-30 09:04:35.159 WARN  [HikariPool-1:housekeeper] com.zaxxer.hikari.pool.PoolBase - HikariPool-1 - Failed to validate connection com.mysql.cj.jdbc.ConnectionImpl@53d292ee (No operations allowed after connection closed.). Possibly consider using a shorter maxLifetime value.
2026-09-30 09:04:35.772 WARN  [HikariPool-1:housekeeper] com.zaxxer.hikari.pool.PoolBase - HikariPool-1 - Failed to validate connection com.mysql.cj.jdbc.ConnectionImpl@199d6751 (No operations allowed after connection closed.). Possibly consider using a shorter maxLifetime value.
2026-09-30 09:04:49.302 WARN  [HikariPool-1:housekeeper] com.zaxxer.hikari.pool.PoolBase - HikariPool-1 - Failed to validate connection com.mysql.cj.jdbc.ConnectionImpl@2db8b975 (No operations allowed after connection closed.). Possibly consider using a shorter maxLifetime value.
2026-09-30 09:04:57.011 WARN  [HikariPool-1:housekeeper] com.zaxxer.hikari.pool.PoolBase - HikariPool-1 - Failed to validate connection com.mysql.cj.jdbc.ConnectionImpl@118b1e8c (No operations allowed after connection closed.). Possibly consider using a shorter maxLifetime value.
2026-09-30 09:04:57.794 WARN  [HikariPool-1:housekeeper] com.zaxxer.hikari.pool.PoolBase - HikariPool-1 - Failed to validate connection com.mysql.cj.jdbc.ConnectionImpl@65fd6352 (No operations allowed after connection closed.). Possibly consider using a shorter maxLifetime value.
2026-09-30 09:05:54.433 WARN  [HikariPool-1:housekeeper] com.zaxxer.hikari.pool.PoolBase - HikariPool-1 - Failed to validate connection com.mysql.cj.jdbc.ConnectionImpl@682d7203 (No operations allowed after connection closed.). Possibly consider using a shorter maxLifetime value.
2026-09-30 09:06:04.447 WARN  [HikariPool-1:housekeeper] com.zaxxer.hikari.pool.PoolBase - HikariPool-1 - Failed to validate connection com.mysql.cj.jdbc.ConnectionImpl@18118533 (No operations allowed after connection closed.). Possibly consider using a shorter maxLifetime value.
2026-09-30 09:06:14.479 WARN  [HikariPool-1:housekeeper] com.zaxxer.hikari.pool.PoolBase - HikariPool-1 - Failed to validate connection com.mysql.cj.jdbc.ConnectionImpl@4d27bf1 (No operations allowed after connection closed.). Possibly consider using a shorter maxLifetime value.
2026-09-30 09:30:05.930 WARN  [HikariPool-1:housekeeper] com.zaxxer.hikari.pool.PoolBase - HikariPool-1 - Failed to validate connection com.mysql.cj.jdbc.ConnectionImpl@38441926 (No operations allowed after connection closed.). Possibly consider using a shorter maxLifetime value.
2026-09-30 09:30:11.896 WARN  [HikariPool-1:housekeeper] com.zaxxer.hikari.pool.PoolBase - HikariPool-1 - Failed to validate connection com.mysql.cj.jdbc.ConnectionImpl@785cd19e (No operations allowed after connection closed.). Possibly consider using a shorter maxLifetime value.
2026-09-30 09:30:22.005 WARN  [HikariPool-1:housekeeper] com.zaxxer.hikari.pool.PoolBase - HikariPool-1 - Failed to validate connection com.mysql.cj.jdbc.ConnectionImpl@6367c1a2 (No operations allowed after connection closed.). Possibly consider using a shorter maxLifetime value.
2026-09-30 09:30:36.564 WARN  [HikariPool-1:housekeeper] com.zaxxer.hikari.pool.PoolBase - HikariPool-1 - Failed to validate connection com.mysql.cj.jdbc.ConnectionImpl@6f11cd31 (No operations allowed after connection closed.). Possibly consider using a shorter maxLifetime value.
2026-09-30 09:30:38.762 WARN  [HikariPool-1:housekeeper] com.zaxxer.hikari.pool.PoolBase - HikariPool-1 - Failed to validate connection com.mysql.cj.jdbc.ConnectionImpl@284e9f3a (No operations allowed after connection closed.). Possibly consider using a shorter maxLifetime value.
2026-09-30 09:30:39.592 WARN  [HikariPool-1:housekeeper] com.zaxxer.hikari.pool.PoolBase - HikariPool-1 - Failed to validate connection com.mysql.cj.jdbc.ConnectionImpl@482d3ea6 (No operations allowed after connection closed.). Possibly consider using a shorter maxLifetime value.
2026-09-30 09:31:04.457 WARN  [HikariPool-1:housekeeper] com.zaxxer.hikari.pool.PoolBase - HikariPool-1 - Failed to validate connection com.mysql.cj.jdbc.ConnectionImpl@2658ecb9 (No operations allowed after connection closed.). Possibly consider using a shorter maxLifetime value.
2026-09-30 09:31:13.175 INFO  [http-nio-8092-exec-1] o.a.c.c.C.[Tomcat].[localhost].[/] - Initializing Spring DispatcherServlet 'dispatcherServlet'
2026-09-30 09:31:13.179 INFO  [http-nio-8092-exec-1] o.s.web.servlet.DispatcherServlet - Initializing Servlet 'dispatcherServlet'
2026-09-30 09:31:13.188 INFO  [http-nio-8092-exec-1] o.s.web.servlet.DispatcherServlet - Completed initialization in 8 ms
2026-09-30 09:31:13.546 WARN  [http-nio-8092-exec-1] com.zaxxer.hikari.pool.PoolBase - HikariPool-1 - Failed to validate connection com.mysql.cj.jdbc.ConnectionImpl@62f0a7ce (No operations allowed after connection closed.). Possibly consider using a shorter maxLifetime value.
2026-09-30 09:31:13.550 WARN  [http-nio-8092-exec-1] com.zaxxer.hikari.pool.PoolBase - HikariPool-1 - Failed to validate connection com.mysql.cj.jdbc.ConnectionImpl@3751e3d1 (No operations allowed after connection closed.). Possibly consider using a shorter maxLifetime value.
2026-09-30 09:31:14.395 INFO  [http-nio-8092-exec-1] c.a.config.ApiLoggingAspect - API_COMPLETED controller=BlacklistController method=getBlacklistById durationMs=872.1046
2026-09-30 09:33:56.163 INFO  [http-nio-8092-exec-3] c.a.config.ApiLoggingAspect - API_COMPLETED controller=BlacklistController method=getBlacklistById durationMs=69.2908
2026-09-30 09:33:59.933 INFO  [http-nio-8092-exec-4] c.a.config.ApiLoggingAspect - API_COMPLETED controller=EmployeeController method=getEmployees durationMs=104.7433
2026-09-30 09:34:03.323 INFO  [http-nio-8092-exec-5] c.a.config.ApiLoggingAspect - API_COMPLETED controller=VisitController method=getDashboardVisits durationMs=413.6149
2026-09-30 09:36:33.545 INFO  [http-nio-8092-exec-7] c.a.config.ApiLoggingAspect - API_COMPLETED controller=EmployeeController method=getEmployees durationMs=50.1856
2026-09-30 09:36:39.794 INFO  [http-nio-8092-exec-8] c.a.config.ApiLoggingAspect - API_COMPLETED controller=VisitController method=getDashboardVisits durationMs=321.9248
2026-09-30 09:37:05.265 INFO  [http-nio-8092-exec-10] c.a.service.VisitorService - Fetching all visitors
2026-09-30 09:37:05.627 INFO  [http-nio-8092-exec-10] c.a.config.ApiLoggingAspect - API_COMPLETED controller=VisitorController method=getAllVisitors durationMs=378.1886
2026-09-30 09:41:58.220 INFO  [http-nio-8092-exec-1] c.a.config.ApiLoggingAspect - API_COMPLETED controller=VisitController method=getDashboardVisits durationMs=311.1095
2026-09-30 09:47:38.806 INFO  [http-nio-8092-exec-3] c.a.config.ApiLoggingAspect - API_COMPLETED controller=VisitController method=getDashboardVisits durationMs=477.1488
2026-09-30 09:58:41.048 INFO  [http-nio-8092-exec-5] c.a.config.ApiLoggingAspect - API_COMPLETED controller=VisitController method=getDashboardVisits durationMs=342.853
2026-09-30 10:01:06.370 INFO  [http-nio-8092-exec-7] c.a.config.ApiLoggingAspect - API_COMPLETED controller=VisitController method=getDashboardVisits durationMs=278.6219
2026-09-30 10:01:18.516 INFO  [http-nio-8092-exec-8] c.a.config.ApiLoggingAspect - API_COMPLETED controller=VisitController method=getDashboardVisits durationMs=271.747
2026-09-30 10:05:49.959 INFO  [SpringApplicationShutdownHook] o.s.boot.tomcat.GracefulShutdown - Commencing graceful shutdown. Waiting for active requests to complete
2026-09-30 10:05:49.972 INFO  [tomcat-shutdown] o.s.boot.tomcat.GracefulShutdown - Graceful shutdown complete
2026-09-30 10:05:50.036 INFO  [SpringApplicationShutdownHook] o.s.o.j.LocalContainerEntityManagerFactoryBean - Closing JPA EntityManagerFactory for persistence unit 'default'
2026-09-30 10:05:50.041 INFO  [SpringApplicationShutdownHook] com.zaxxer.hikari.HikariDataSource - HikariPool-1 - Shutdown initiated...
2026-09-30 10:05:50.055 INFO  [SpringApplicationShutdownHook] com.zaxxer.hikari.HikariDataSource - HikariPool-1 - Shutdown completed.
2026-09-30 10:05:58.226 INFO  [restartedMain] com.adminvisitor.VMSApplication - Starting VMSApplication using Java 21.0.9 with PID 28588 (C:\vistior-management\vms\target\classes started by nethra.r in C:\vistior-management\vms)
2026-09-30 10:05:58.229 DEBUG [restartedMain] com.adminvisitor.VMSApplication - Running with Spring Boot v4.1.1, Spring v7.0.9
2026-09-30 10:05:58.230 INFO  [restartedMain] com.adminvisitor.VMSApplication - No active profile set, falling back to 1 default profile: "default"
2026-09-30 10:05:58.289 INFO  [restartedMain] o.s.b.d.e.DevToolsPropertyDefaultsPostProcessor - Devtools property defaults active! Set 'spring.devtools.add-properties' to 'false' to disable
2026-09-30 10:05:58.290 INFO  [restartedMain] o.s.b.d.e.DevToolsPropertyDefaultsPostProcessor - For additional web related logging consider setting the 'logging.level.web' property to 'DEBUG'
2026-09-30 10:05:58.670 INFO  [background-preinit] o.h.validator.internal.util.Version - HV000001: Hibernate Validator 9.1.3.Final
2026-09-30 10:05:59.509 INFO  [restartedMain] o.s.d.r.c.RepositoryConfigurationDelegate - Bootstrapping Spring Data JPA repositories in DEFAULT mode.
2026-09-30 10:05:59.777 INFO  [restartedMain] o.s.d.r.c.RepositoryConfigurationDelegate - Finished Spring Data repository scanning in 258 ms. Found 11 JPA repository interfaces.
2026-09-30 10:06:00.911 INFO  [restartedMain] o.s.boot.tomcat.TomcatWebServer - Tomcat initialized with port 8092 (http)
2026-09-30 10:06:00.927 INFO  [restartedMain] o.a.coyote.http11.Http11NioProtocol - Initializing ProtocolHandler ["http-nio-8092"]
2026-09-30 10:06:00.929 INFO  [restartedMain] o.a.catalina.core.StandardService - Starting service [Tomcat]
2026-09-30 10:06:00.930 INFO  [restartedMain] o.a.catalina.core.StandardEngine - Starting Servlet engine: [Apache Tomcat/11.0.24]
2026-09-30 10:06:01.066 INFO  [restartedMain] o.s.b.w.c.s.WebApplicationContextInitializer - Root WebApplicationContext: initialization completed in 2776 ms
2026-09-30 10:06:01.399 INFO  [restartedMain] com.zaxxer.hikari.HikariDataSource - HikariPool-1 - Starting...
2026-09-30 10:06:02.074 INFO  [restartedMain] com.zaxxer.hikari.pool.HikariPool - HikariPool-1 - Added connection com.mysql.cj.jdbc.ConnectionImpl@7ea02333
2026-09-30 10:06:02.078 INFO  [restartedMain] com.zaxxer.hikari.HikariDataSource - HikariPool-1 - Start completed.
2026-09-30 10:06:02.152 INFO  [restartedMain] org.hibernate.orm.jpa - HHH008540: Processing PersistenceUnitInfo [name: default]
2026-09-30 10:06:02.258 INFO  [restartedMain] org.hibernate.orm.core - HHH000001: Hibernate ORM core version 7.4.5.Final
2026-09-30 10:06:03.117 INFO  [restartedMain] o.s.o.j.p.SpringPersistenceUnitInfo - No LoadTimeWeaver setup: ignoring JPA class transformer
2026-09-30 10:06:03.306 INFO  [restartedMain] o.hibernate.orm.connections.pooling - HHH10001005: Database info:
	Database JDBC URL [jdbc:mysql://192.168.11.101:3306/Interns_db]
	Database driver: MySQL Connector/J
	Database dialect: MySQLDialect
	Database version: 8.0.40
	Default catalog/schema: Interns_db/undefined
	Autocommit mode: undefined/unknown
	Isolation level: REPEATABLE_READ [default REPEATABLE_READ]
	JDBC fetch size: none
	Pool: DataSourceConnectionProvider
	Minimum pool size: undefined/unknown
	Maximum pool size: undefined/unknown
2026-09-30 10:06:04.831 INFO  [restartedMain] org.hibernate.orm.core - HHH000489: No JTA platform available (set 'hibernate.transaction.jta.platform' to enable JTA platform integration)
2026-09-30 10:06:04.842 INFO  [restartedMain] o.s.o.j.LocalContainerEntityManagerFactoryBean - Initialized JPA EntityManagerFactory for persistence unit 'default'
2026-09-30 10:06:05.014 INFO  [restartedMain] o.s.d.j.r.q.QueryEnhancerFactories - Hibernate is in classpath; If applicable, HQL parser will be used.
2026-09-30 10:06:06.590 WARN  [restartedMain] o.s.b.j.a.JpaBaseConfiguration$JpaWebConfiguration - spring.jpa.open-in-view is enabled by default. Therefore, database queries may be performed during view rendering. Explicitly configure spring.jpa.open-in-view to disable this warning
2026-09-30 10:06:07.474 INFO  [restartedMain] o.a.coyote.http11.Http11NioProtocol - Starting ProtocolHandler ["http-nio-8092"]
2026-09-30 10:06:07.498 INFO  [restartedMain] o.s.boot.tomcat.TomcatWebServer - Tomcat started on port 8092 (http) with context path '/'
2026-09-30 10:06:07.509 INFO  [restartedMain] com.adminvisitor.VMSApplication - Started VMSApplication in 10.07 seconds (process running for 11.241)
2026-09-30 10:06:07.511 WARN  [restartedMain] o.s.c.events.SpringDocAppInitializer - SpringDoc /v3/api-docs endpoint is enabled by default. To disable it in production, set the property 'springdoc.api-docs.enabled=false'
2026-09-30 10:06:07.512 WARN  [restartedMain] o.s.c.events.SpringDocAppInitializer - SpringDoc /swagger-ui.html endpoint is enabled by default. To disable it in production, set the property 'springdoc.swagger-ui.enabled=false'
2026-09-30 10:06:38.396 INFO  [http-nio-8092-exec-1] o.a.c.c.C.[Tomcat].[localhost].[/] - Initializing Spring DispatcherServlet 'dispatcherServlet'
2026-09-30 10:06:38.396 INFO  [http-nio-8092-exec-1] o.s.web.servlet.DispatcherServlet - Initializing Servlet 'dispatcherServlet'
2026-09-30 10:06:38.401 INFO  [http-nio-8092-exec-1] o.s.web.servlet.DispatcherServlet - Completed initialization in 3 ms
2026-09-30 10:06:39.708 INFO  [http-nio-8092-exec-1] c.a.config.ApiLoggingAspect - API_COMPLETED controller=VisitController method=getDashboardVisits durationMs=1005.9618
2026-09-30 10:06:49.721 INFO  [http-nio-8092-exec-2] c.a.config.ApiLoggingAspect - API_COMPLETED controller=VisitController method=getDashboardVisits durationMs=338.9094
2026-09-30 10:06:54.095 INFO  [http-nio-8092-exec-3] c.a.service.VisitorService - Fetching all visitors
2026-09-30 10:06:54.741 INFO  [http-nio-8092-exec-3] c.a.config.ApiLoggingAspect - API_COMPLETED controller=VisitorController method=getAllVisitors durationMs=673.7309
2026-09-30 10:08:45.776 INFO  [http-nio-8092-exec-9] c.a.config.ApiLoggingAspect - API_COMPLETED controller=VisitController method=getDashboardVisits durationMs=328.3186
2026-09-30 10:08:58.634 INFO  [http-nio-8092-exec-6] c.a.service.VisitorService - Fetching all visitors
2026-09-30 10:08:59.073 INFO  [http-nio-8092-exec-6] c.a.config.ApiLoggingAspect - API_COMPLETED controller=VisitorController method=getAllVisitors durationMs=488.1227
2026-09-30 10:09:14.069 INFO  [http-nio-8092-exec-7] c.a.config.ApiLoggingAspect - API_COMPLETED controller=VisitController method=getDashboardVisits durationMs=284.49
2026-09-30 10:11:01.347 INFO  [http-nio-8092-exec-4] c.a.service.VisitorService - Fetching all visitors
2026-09-30 10:11:01.706 INFO  [http-nio-8092-exec-4] c.a.config.ApiLoggingAspect - API_COMPLETED controller=VisitorController method=getAllVisitors durationMs=388.1858
2026-09-30 10:11:07.002 INFO  [http-nio-8092-exec-10] c.a.config.ApiLoggingAspect - API_COMPLETED controller=VisitController method=getDashboardVisits durationMs=323.0415
2026-09-30 10:20:30.571 INFO  [http-nio-8092-exec-2] c.a.config.ApiLoggingAspect - API_COMPLETED controller=BlacklistController method=getAllBlacklistRecords durationMs=230.9513
2026-09-30 10:21:37.197 INFO  [http-nio-8092-exec-5] c.a.config.ApiLoggingAspect - API_COMPLETED controller=EmployeeController method=getEmployees durationMs=46.7458
2026-09-30 10:21:54.592 INFO  [http-nio-8092-exec-9] c.a.config.ApiLoggingAspect - API_COMPLETED controller=DepartmentController method=getDepartments durationMs=48.4529
2026-09-30 10:29:45.496 WARN  [HikariPool-1:housekeeper] com.zaxxer.hikari.pool.PoolBase - HikariPool-1 - Failed to validate connection com.mysql.cj.jdbc.ConnectionImpl@1cab6a59 (No operations allowed after connection closed.). Possibly consider using a shorter maxLifetime value.
2026-09-30 10:29:52.654 WARN  [HikariPool-1:housekeeper] com.zaxxer.hikari.pool.PoolBase - HikariPool-1 - Failed to validate connection com.mysql.cj.jdbc.ConnectionImpl@77679d97 (No operations allowed after connection closed.). Possibly consider using a shorter maxLifetime value.
2026-09-30 10:30:10.309 WARN  [HikariPool-1:housekeeper] com.zaxxer.hikari.pool.PoolBase - HikariPool-1 - Failed to validate connection com.mysql.cj.jdbc.ConnectionImpl@3d5f2220 (No operations allowed after connection closed.). Possibly consider using a shorter maxLifetime value.
2026-09-30 10:30:28.871 WARN  [HikariPool-1:housekeeper] com.zaxxer.hikari.pool.PoolBase - HikariPool-1 - Failed to validate connection com.mysql.cj.jdbc.ConnectionImpl@2cc08667 (No operations allowed after connection closed.). Possibly consider using a shorter maxLifetime value.
2026-09-30 10:30:30.113 INFO  [SpringApplicationShutdownHook] o.s.boot.tomcat.GracefulShutdown - Commencing graceful shutdown. Waiting for active requests to complete
2026-09-30 10:30:30.118 INFO  [tomcat-shutdown] o.s.boot.tomcat.GracefulShutdown - Graceful shutdown complete
2026-09-30 10:30:30.126 INFO  [SpringApplicationShutdownHook] o.s.o.j.LocalContainerEntityManagerFactoryBean - Closing JPA EntityManagerFactory for persistence unit 'default'
2026-09-30 10:30:30.130 INFO  [SpringApplicationShutdownHook] com.zaxxer.hikari.HikariDataSource - HikariPool-1 - Shutdown initiated...
2026-09-30 10:30:30.133 INFO  [SpringApplicationShutdownHook] com.zaxxer.hikari.HikariDataSource - HikariPool-1 - Shutdown completed.
2026-09-30 10:30:38.244 INFO  [restartedMain] com.adminvisitor.VMSApplication - Starting VMSApplication using Java 21.0.9 with PID 24320 (C:\vistior-management\vms\target\classes started by nethra.r in C:\vistior-management\vms)
2026-09-30 10:30:38.247 DEBUG [restartedMain] com.adminvisitor.VMSApplication - Running with Spring Boot v4.1.1, Spring v7.0.9
2026-09-30 10:30:38.248 INFO  [restartedMain] com.adminvisitor.VMSApplication - No active profile set, falling back to 1 default profile: "default"
2026-09-30 10:30:38.311 INFO  [restartedMain] o.s.b.d.e.DevToolsPropertyDefaultsPostProcessor - Devtools property defaults active! Set 'spring.devtools.add-properties' to 'false' to disable
2026-09-30 10:30:38.312 INFO  [restartedMain] o.s.b.d.e.DevToolsPropertyDefaultsPostProcessor - For additional web related logging consider setting the 'logging.level.web' property to 'DEBUG'
2026-09-30 10:30:38.667 INFO  [background-preinit] o.h.validator.internal.util.Version - HV000001: Hibernate Validator 9.1.3.Final
2026-09-30 10:30:39.505 INFO  [restartedMain] o.s.d.r.c.RepositoryConfigurationDelegate - Bootstrapping Spring Data JPA repositories in DEFAULT mode.
2026-09-30 10:30:39.732 INFO  [restartedMain] o.s.d.r.c.RepositoryConfigurationDelegate - Finished Spring Data repository scanning in 217 ms. Found 11 JPA repository interfaces.
2026-09-30 10:30:40.790 INFO  [restartedMain] o.s.boot.tomcat.TomcatWebServer - Tomcat initialized with port 8092 (http)
2026-09-30 10:30:40.809 INFO  [restartedMain] o.a.coyote.http11.Http11NioProtocol - Initializing ProtocolHandler ["http-nio-8092"]
2026-09-30 10:30:40.814 INFO  [restartedMain] o.a.catalina.core.StandardService - Starting service [Tomcat]
2026-09-30 10:30:40.814 INFO  [restartedMain] o.a.catalina.core.StandardEngine - Starting Servlet engine: [Apache Tomcat/11.0.24]
2026-09-30 10:30:40.929 INFO  [restartedMain] o.s.b.w.c.s.WebApplicationContextInitializer - Root WebApplicationContext: initialization completed in 2617 ms
2026-09-30 10:30:41.182 INFO  [restartedMain] com.zaxxer.hikari.HikariDataSource - HikariPool-1 - Starting...
2026-09-30 10:30:41.629 INFO  [restartedMain] com.zaxxer.hikari.pool.HikariPool - HikariPool-1 - Added connection com.mysql.cj.jdbc.ConnectionImpl@63ea6bb4
2026-09-30 10:30:41.632 INFO  [restartedMain] com.zaxxer.hikari.HikariDataSource - HikariPool-1 - Start completed.
2026-09-30 10:30:41.664 INFO  [restartedMain] org.hibernate.orm.jpa - HHH008540: Processing PersistenceUnitInfo [name: default]
2026-09-30 10:30:41.728 INFO  [restartedMain] org.hibernate.orm.core - HHH000001: Hibernate ORM core version 7.4.5.Final
2026-09-30 10:30:42.390 INFO  [restartedMain] o.s.o.j.p.SpringPersistenceUnitInfo - No LoadTimeWeaver setup: ignoring JPA class transformer
2026-09-30 10:30:42.561 INFO  [restartedMain] o.hibernate.orm.connections.pooling - HHH10001005: Database info:
	Database JDBC URL [jdbc:mysql://192.168.11.101:3306/Interns_db]
	Database driver: MySQL Connector/J
	Database dialect: MySQLDialect
	Database version: 8.0.40
	Default catalog/schema: Interns_db/undefined
	Autocommit mode: undefined/unknown
	Isolation level: REPEATABLE_READ [default REPEATABLE_READ]
	JDBC fetch size: none
	Pool: DataSourceConnectionProvider
	Minimum pool size: undefined/unknown
	Maximum pool size: undefined/unknown
2026-09-30 10:30:43.902 INFO  [restartedMain] org.hibernate.orm.core - HHH000489: No JTA platform available (set 'hibernate.transaction.jta.platform' to enable JTA platform integration)
2026-09-30 10:30:43.912 INFO  [restartedMain] o.s.o.j.LocalContainerEntityManagerFactoryBean - Initialized JPA EntityManagerFactory for persistence unit 'default'
2026-09-30 10:30:44.116 INFO  [restartedMain] o.s.d.j.r.q.QueryEnhancerFactories - Hibernate is in classpath; If applicable, HQL parser will be used.
2026-09-30 10:30:45.681 WARN  [restartedMain] o.s.b.j.a.JpaBaseConfiguration$JpaWebConfiguration - spring.jpa.open-in-view is enabled by default. Therefore, database queries may be performed during view rendering. Explicitly configure spring.jpa.open-in-view to disable this warning
2026-09-30 10:30:46.569 INFO  [restartedMain] o.a.coyote.http11.Http11NioProtocol - Starting ProtocolHandler ["http-nio-8092"]
2026-09-30 10:30:46.593 INFO  [restartedMain] o.s.boot.tomcat.TomcatWebServer - Tomcat started on port 8092 (http) with context path '/'
2026-09-30 10:30:46.608 INFO  [restartedMain] com.adminvisitor.VMSApplication - Started VMSApplication in 9.139 seconds (process running for 10.613)
2026-09-30 10:30:46.611 WARN  [restartedMain] o.s.c.events.SpringDocAppInitializer - SpringDoc /v3/api-docs endpoint is enabled by default. To disable it in production, set the property 'springdoc.api-docs.enabled=false'
2026-09-30 10:30:46.611 WARN  [restartedMain] o.s.c.events.SpringDocAppInitializer - SpringDoc /swagger-ui.html endpoint is enabled by default. To disable it in production, set the property 'springdoc.swagger-ui.enabled=false'
2026-09-30 10:39:25.985 INFO  [http-nio-8092-exec-1] o.a.c.c.C.[Tomcat].[localhost].[/] - Initializing Spring DispatcherServlet 'dispatcherServlet'
2026-09-30 10:39:25.986 INFO  [http-nio-8092-exec-1] o.s.web.servlet.DispatcherServlet - Initializing Servlet 'dispatcherServlet'
2026-09-30 10:39:25.991 INFO  [http-nio-8092-exec-1] o.s.web.servlet.DispatcherServlet - Completed initialization in 5 ms
2026-09-30 10:39:26.803 INFO  [http-nio-8092-exec-1] c.a.config.ApiLoggingAspect - API_COMPLETED controller=DepartmentController method=getDepartments durationMs=562.2853
2026-09-30 10:43:04.055 INFO  [http-nio-8092-exec-3] c.a.config.ApiLoggingAspect - API_COMPLETED controller=VisitController method=getDashboardVisits durationMs=569.9322
2026-09-30 10:48:37.578 INFO  [http-nio-8092-exec-5] c.a.config.ApiLoggingAspect - API_COMPLETED controller=VisitController method=getDashboardVisits durationMs=349.2146
2026-09-30 10:48:42.683 INFO  [http-nio-8092-exec-7] c.a.config.ApiLoggingAspect - API_COMPLETED controller=VisitController method=getDashboardVisits durationMs=323.0529
2026-09-30 10:48:45.166 INFO  [http-nio-8092-exec-6] c.a.config.ApiLoggingAspect - API_COMPLETED controller=VisitController method=getDashboardVisits durationMs=308.2806
2026-09-30 11:19:23.548 INFO  [http-nio-8092-exec-10] c.a.config.ApiLoggingAspect - API_COMPLETED controller=VisitController method=getDashboardVisits durationMs=357.9503
2026-09-30 11:29:44.949 WARN  [HikariPool-1:housekeeper] com.zaxxer.hikari.pool.PoolBase - HikariPool-1 - Failed to validate connection com.mysql.cj.jdbc.ConnectionImpl@73cb1fcf (No operations allowed after connection closed.). Possibly consider using a shorter maxLifetime value.
2026-09-30 11:29:51.031 WARN  [HikariPool-1:housekeeper] com.zaxxer.hikari.pool.PoolBase - HikariPool-1 - Failed to validate connection com.mysql.cj.jdbc.ConnectionImpl@7bc3284f (No operations allowed after connection closed.). Possibly consider using a shorter maxLifetime value.
2026-09-30 11:29:55.764 WARN  [HikariPool-1:housekeeper] com.zaxxer.hikari.pool.PoolBase - HikariPool-1 - Failed to validate connection com.mysql.cj.jdbc.ConnectionImpl@658bc49e (No operations allowed after connection closed.). Possibly consider using a shorter maxLifetime value.
2026-09-30 11:30:26.813 WARN  [http-nio-8092-exec-1] com.zaxxer.hikari.pool.PoolBase - HikariPool-1 - Failed to validate connection com.mysql.cj.jdbc.ConnectionImpl@69691c03 (No operations allowed after connection closed.). Possibly consider using a shorter maxLifetime value.
2026-09-30 11:30:26.820 WARN  [http-nio-8092-exec-1] com.zaxxer.hikari.pool.PoolBase - HikariPool-1 - Failed to validate connection com.mysql.cj.jdbc.ConnectionImpl@7e71a968 (No operations allowed after connection closed.). Possibly consider using a shorter maxLifetime value.
2026-09-30 11:30:26.824 WARN  [http-nio-8092-exec-1] com.zaxxer.hikari.pool.PoolBase - HikariPool-1 - Failed to validate connection com.mysql.cj.jdbc.ConnectionImpl@2ac94dcc (No operations allowed after connection closed.). Possibly consider using a shorter maxLifetime value.
2026-09-30 11:30:26.829 WARN  [http-nio-8092-exec-1] com.zaxxer.hikari.pool.PoolBase - HikariPool-1 - Failed to validate connection com.mysql.cj.jdbc.ConnectionImpl@4e45a5d7 (No operations allowed after connection closed.). Possibly consider using a shorter maxLifetime value.
2026-09-30 11:30:26.833 WARN  [http-nio-8092-exec-1] com.zaxxer.hikari.pool.PoolBase - HikariPool-1 - Failed to validate connection com.mysql.cj.jdbc.ConnectionImpl@38101a66 (No operations allowed after connection closed.). Possibly consider using a shorter maxLifetime value.
2026-09-30 11:30:26.836 WARN  [http-nio-8092-exec-1] com.zaxxer.hikari.pool.PoolBase - HikariPool-1 - Failed to validate connection com.mysql.cj.jdbc.ConnectionImpl@545ad59 (No operations allowed after connection closed.). Possibly consider using a shorter maxLifetime value.
2026-09-30 11:30:26.841 WARN  [http-nio-8092-exec-1] com.zaxxer.hikari.pool.PoolBase - HikariPool-1 - Failed to validate connection com.mysql.cj.jdbc.ConnectionImpl@5951a0f6 (No operations allowed after connection closed.). Possibly consider using a shorter maxLifetime value.
2026-09-30 11:30:27.237 INFO  [http-nio-8092-exec-1] c.a.config.ApiLoggingAspect - API_COMPLETED controller=BlacklistController method=getAllBlacklistRecords durationMs=431.7337
2026-09-30 11:30:35.408 INFO  [http-nio-8092-exec-4] c.a.config.ApiLoggingAspect - API_COMPLETED controller=VisitController method=getDashboardVisits durationMs=305.6261
2026-09-30 11:30:40.032 INFO  [http-nio-8092-exec-3] c.a.config.ApiLoggingAspect - API_COMPLETED controller=BlacklistController method=getAllBlacklistRecords durationMs=181.475
2026-09-30 11:32:46.089 INFO  [http-nio-8092-exec-5] c.a.config.ApiLoggingAspect - API_COMPLETED controller=BlacklistController method=getBlacklistById durationMs=60.7362
2026-09-30 11:32:54.168 INFO  [http-nio-8092-exec-7] c.a.config.ApiLoggingAspect - API_COMPLETED controller=BlacklistController method=getAllBlacklistRecords durationMs=241.0158
2026-09-30 11:36:13.660 INFO  [http-nio-8092-exec-8] c.a.config.ApiLoggingAspect - API_COMPLETED controller=BlacklistController method=getAllBlacklistRecords durationMs=136.6968
2026-09-30 11:36:21.977 INFO  [http-nio-8092-exec-10] c.a.config.ApiLoggingAspect - API_COMPLETED controller=BlacklistController method=getAllBlacklistRecords durationMs=149.0065
2026-09-30 11:36:36.546 INFO  [http-nio-8092-exec-2] c.a.config.ApiLoggingAspect - API_COMPLETED controller=VisitController method=getDashboardVisits durationMs=253.0205
2026-09-30 11:36:40.622 INFO  [http-nio-8092-exec-1] c.a.config.ApiLoggingAspect - API_COMPLETED controller=VisitController method=getVisitDetails durationMs=63.1884
2026-09-30 11:36:54.460 INFO  [http-nio-8092-exec-4] c.a.config.ApiLoggingAspect - API_COMPLETED controller=VisitController method=getDashboardVisits durationMs=278.7345
2026-09-30 11:36:58.552 INFO  [http-nio-8092-exec-3] c.a.config.ApiLoggingAspect - API_COMPLETED controller=VisitController method=getVisitDetails durationMs=46.0385
2026-09-30 11:37:44.722 INFO  [http-nio-8092-exec-9] c.a.config.ApiLoggingAspect - API_COMPLETED controller=VisitController method=getDashboardVisits durationMs=245.6016
2026-09-30 12:05:39.173 INFO  [http-nio-8092-exec-7] c.a.config.ApiLoggingAspect - API_COMPLETED controller=VisitController method=getDashboardVisits durationMs=301.7198
2026-09-30 12:06:20.861 INFO  [http-nio-8092-exec-6] c.a.config.ApiLoggingAspect - API_COMPLETED controller=EmployeeController method=getEmployees durationMs=40.1937
2026-09-30 12:06:30.698 INFO  [http-nio-8092-exec-8] c.a.config.ApiLoggingAspect - API_COMPLETED controller=EmployeeController method=getEmployees durationMs=43.8418
2026-09-30 12:12:14.468 INFO  [http-nio-8092-exec-2] c.a.service.VisitorService - Fetching all visitors
2026-09-30 12:12:14.735 INFO  [http-nio-8092-exec-2] c.a.config.ApiLoggingAspect - API_COMPLETED controller=VisitorController method=getAllVisitors durationMs=278.5198
2026-09-30 12:13:38.620 INFO  [http-nio-8092-exec-4] c.a.config.ApiLoggingAspect - API_COMPLETED controller=BlacklistController method=getAllBlacklistRecords durationMs=166.1554
2026-09-30 12:13:41.874 INFO  [http-nio-8092-exec-3] c.a.config.ApiLoggingAspect - API_COMPLETED controller=VisitController method=getDashboardVisits durationMs=252.1172
2026-09-30 12:16:03.317 INFO  [http-nio-8092-exec-5] c.a.service.VisitorService - Fetching all visitors
2026-09-30 12:16:03.607 INFO  [http-nio-8092-exec-5] c.a.config.ApiLoggingAspect - API_COMPLETED controller=VisitorController method=getAllVisitors durationMs=301.6067
2026-09-30 12:17:58.777 INFO  [http-nio-8092-exec-6] c.a.config.ApiLoggingAspect - API_COMPLETED controller=BlacklistController method=getAllBlacklistRecords durationMs=159.8735
2026-09-30 12:29:53.358 WARN  [HikariPool-1:housekeeper] com.zaxxer.hikari.pool.PoolBase - HikariPool-1 - Failed to validate connection com.mysql.cj.jdbc.ConnectionImpl@650d120a (No operations allowed after connection closed.). Possibly consider using a shorter maxLifetime value.
2026-09-30 12:29:56.826 WARN  [HikariPool-1:housekeeper] com.zaxxer.hikari.pool.PoolBase - HikariPool-1 - Failed to validate connection com.mysql.cj.jdbc.ConnectionImpl@5473785b (No operations allowed after connection closed.). Possibly consider using a shorter maxLifetime value.
2026-09-30 12:29:58.558 WARN  [HikariPool-1:housekeeper] com.zaxxer.hikari.pool.PoolBase - HikariPool-1 - Failed to validate connection com.mysql.cj.jdbc.ConnectionImpl@10c973a3 (No operations allowed after connection closed.). Possibly consider using a shorter maxLifetime value.
2026-09-30 12:30:07.495 WARN  [HikariPool-1:housekeeper] com.zaxxer.hikari.pool.PoolBase - HikariPool-1 - Failed to validate connection com.mysql.cj.jdbc.ConnectionImpl@7d774601 (No operations allowed after connection closed.). Possibly consider using a shorter maxLifetime value.
2026-09-30 12:30:08.356 WARN  [HikariPool-1:housekeeper] com.zaxxer.hikari.pool.PoolBase - HikariPool-1 - Failed to validate connection com.mysql.cj.jdbc.ConnectionImpl@1acf2a6c (No operations allowed after connection closed.). Possibly consider using a shorter maxLifetime value.
2026-09-30 12:30:46.451 WARN  [HikariPool-1:housekeeper] com.zaxxer.hikari.pool.PoolBase - HikariPool-1 - Failed to validate connection com.mysql.cj.jdbc.ConnectionImpl@431379f (No operations allowed after connection closed.). Possibly consider using a shorter maxLifetime value.
2026-09-30 12:30:48.043 WARN  [HikariPool-1:housekeeper] com.zaxxer.hikari.pool.PoolBase - HikariPool-1 - Failed to validate connection com.mysql.cj.jdbc.ConnectionImpl@38b245a9 (No operations allowed after connection closed.). Possibly consider using a shorter maxLifetime value.
2026-09-30 12:31:00.510 WARN  [HikariPool-1:housekeeper] com.zaxxer.hikari.pool.PoolBase - HikariPool-1 - Failed to validate connection com.mysql.cj.jdbc.ConnectionImpl@67de5b50 (No operations allowed after connection closed.). Possibly consider using a shorter maxLifetime value.
2026-09-30 12:31:07.491 WARN  [HikariPool-1:housekeeper] com.zaxxer.hikari.pool.PoolBase - HikariPool-1 - Failed to validate connection com.mysql.cj.jdbc.ConnectionImpl@273ba8dc (No operations allowed after connection closed.). Possibly consider using a shorter maxLifetime value.
2026-09-30 12:31:19.230 WARN  [HikariPool-1:housekeeper] com.zaxxer.hikari.pool.PoolBase - HikariPool-1 - Failed to validate connection com.mysql.cj.jdbc.ConnectionImpl@3424dfc2 (No operations allowed after connection closed.). Possibly consider using a shorter maxLifetime value.
2026-09-30 13:27:03.878 INFO  [http-nio-8092-exec-1] c.a.config.ApiLoggingAspect - API_COMPLETED controller=SwaggerConfigResource method=openapiJson durationMs=1.5904
2026-09-30 13:27:04.532 INFO  [http-nio-8092-exec-5] c.a.config.ApiLoggingAspect - API_COMPLETED controller=SwaggerConfigResource method=openapiJson durationMs=1.2928
2026-09-30 13:27:06.999 INFO  [http-nio-8092-exec-4] o.s.api.AbstractOpenApiResource - Init duration for springdoc-openapi is: 2993 ms
2026-09-30 13:27:07.125 INFO  [http-nio-8092-exec-4] c.a.config.ApiLoggingAspect - API_COMPLETED controller=OpenApiWebMvcResource method=openapiJson durationMs=3119.8951
2026-09-30 13:27:07.125 INFO  [http-nio-8092-exec-7] c.a.config.ApiLoggingAspect - API_COMPLETED controller=OpenApiWebMvcResource method=openapiJson durationMs=2562.6259
2026-09-30 13:29:55.362 WARN  [HikariPool-1:housekeeper] com.zaxxer.hikari.pool.PoolBase - HikariPool-1 - Failed to validate connection com.mysql.cj.jdbc.ConnectionImpl@32e55556 (No operations allowed after connection closed.). Possibly consider using a shorter maxLifetime value.
2026-09-30 13:30:07.131 WARN  [HikariPool-1:housekeeper] com.zaxxer.hikari.pool.PoolBase - HikariPool-1 - Failed to validate connection com.mysql.cj.jdbc.ConnectionImpl@39bda79e (No operations allowed after connection closed.). Possibly consider using a shorter maxLifetime value.
2026-09-30 13:30:10.145 WARN  [HikariPool-1:housekeeper] com.zaxxer.hikari.pool.PoolBase - HikariPool-1 - Failed to validate connection com.mysql.cj.jdbc.ConnectionImpl@390d30ec (No operations allowed after connection closed.). Possibly consider using a shorter maxLifetime value.
2026-09-30 13:30:20.952 WARN  [HikariPool-1:housekeeper] com.zaxxer.hikari.pool.PoolBase - HikariPool-1 - Failed to validate connection com.mysql.cj.jdbc.ConnectionImpl@1c139c6f (No operations allowed after connection closed.). Possibly consider using a shorter maxLifetime value.
2026-09-30 13:30:29.444 WARN  [HikariPool-1:housekeeper] com.zaxxer.hikari.pool.PoolBase - HikariPool-1 - Failed to validate connection com.mysql.cj.jdbc.ConnectionImpl@93a7bda (No operations allowed after connection closed.). Possibly consider using a shorter maxLifetime value.
2026-09-30 13:30:37.392 WARN  [HikariPool-1:housekeeper] com.zaxxer.hikari.pool.PoolBase - HikariPool-1 - Failed to validate connection com.mysql.cj.jdbc.ConnectionImpl@f30bac8 (No operations allowed after connection closed.). Possibly consider using a shorter maxLifetime value.
2026-09-30 13:30:46.349 WARN  [HikariPool-1:housekeeper] com.zaxxer.hikari.pool.PoolBase - HikariPool-1 - Failed to validate connection com.mysql.cj.jdbc.ConnectionImpl@1e0b4d84 (No operations allowed after connection closed.). Possibly consider using a shorter maxLifetime value.
2026-09-30 13:31:20.989 WARN  [HikariPool-1:housekeeper] com.zaxxer.hikari.pool.PoolBase - HikariPool-1 - Failed to validate connection com.mysql.cj.jdbc.ConnectionImpl@51a9689a (No operations allowed after connection closed.). Possibly consider using a shorter maxLifetime value.
2026-09-30 14:29:43.915 WARN  [HikariPool-1:housekeeper] com.zaxxer.hikari.pool.PoolBase - HikariPool-1 - Failed to validate connection com.mysql.cj.jdbc.ConnectionImpl@b0c5b95 (No operations allowed after connection closed.). Possibly consider using a shorter maxLifetime value.
2026-09-30 14:29:55.129 WARN  [HikariPool-1:housekeeper] com.zaxxer.hikari.pool.PoolBase - HikariPool-1 - Failed to validate connection com.mysql.cj.jdbc.ConnectionImpl@53d5973b (No operations allowed after connection closed.). Possibly consider using a shorter maxLifetime value.
2026-09-30 14:30:03.405 WARN  [HikariPool-1:housekeeper] com.zaxxer.hikari.pool.PoolBase - HikariPool-1 - Failed to validate connection com.mysql.cj.jdbc.ConnectionImpl@2332e47a (No operations allowed after connection closed.). Possibly consider using a shorter maxLifetime value.
2026-09-30 14:30:48.429 WARN  [HikariPool-1:housekeeper] com.zaxxer.hikari.pool.PoolBase - HikariPool-1 - Failed to validate connection com.mysql.cj.jdbc.ConnectionImpl@2e4d1d37 (No operations allowed after connection closed.). Possibly consider using a shorter maxLifetime value.
2026-09-30 14:31:04.380 WARN  [HikariPool-1:housekeeper] com.zaxxer.hikari.pool.PoolBase - HikariPool-1 - Failed to validate connection com.mysql.cj.jdbc.ConnectionImpl@51e04cf0 (No operations allowed after connection closed.). Possibly consider using a shorter maxLifetime value.
2026-09-30 14:31:05.637 WARN  [HikariPool-1:housekeeper] com.zaxxer.hikari.pool.PoolBase - HikariPool-1 - Failed to validate connection com.mysql.cj.jdbc.ConnectionImpl@4ac6b19 (No operations allowed after connection closed.). Possibly consider using a shorter maxLifetime value.
2026-09-30 14:31:11.004 WARN  [HikariPool-1:housekeeper] com.zaxxer.hikari.pool.PoolBase - HikariPool-1 - Failed to validate connection com.mysql.cj.jdbc.ConnectionImpl@524525b6 (No operations allowed after connection closed.). Possibly consider using a shorter maxLifetime value.
2026-09-30 14:31:18.688 WARN  [HikariPool-1:housekeeper] com.zaxxer.hikari.pool.PoolBase - HikariPool-1 - Failed to validate connection com.mysql.cj.jdbc.ConnectionImpl@8276d70 (No operations allowed after connection closed.). Possibly consider using a shorter maxLifetime value.
2026-09-30 14:31:21.508 WARN  [HikariPool-1:housekeeper] com.zaxxer.hikari.pool.PoolBase - HikariPool-1 - Failed to validate connection com.mysql.cj.jdbc.ConnectionImpl@e1e16c6 (No operations allowed after connection closed.). Possibly consider using a shorter maxLifetime value.
2026-09-30 15:00:47.912 INFO  [SpringApplicationShutdownHook] o.s.boot.tomcat.GracefulShutdown - Commencing graceful shutdown. Waiting for active requests to complete
2026-09-30 15:00:47.921 INFO  [tomcat-shutdown] o.s.boot.tomcat.GracefulShutdown - Graceful shutdown complete
2026-09-30 15:00:47.938 INFO  [SpringApplicationShutdownHook] o.s.o.j.LocalContainerEntityManagerFactoryBean - Closing JPA EntityManagerFactory for persistence unit 'default'
2026-09-30 15:00:47.950 INFO  [SpringApplicationShutdownHook] com.zaxxer.hikari.HikariDataSource - HikariPool-1 - Shutdown initiated...
2026-09-30 15:00:47.963 INFO  [SpringApplicationShutdownHook] com.zaxxer.hikari.HikariDataSource - HikariPool-1 - Shutdown completed.
